// Jest Snapshot v1, https://goo.gl/fbAQLP

exports[`VaultHandler when the user does not fill all the vault entries values #createEntries should warn the user about missing vault entries 1`] = `
[MockFunction] {
  "calls": [
    [
      "Missing vault entry value: 
  â€¢ sitemap_yyyyyy-configuration.json.path
  â€¢ web_xxxxxx-configuration.json.path

Fill all required vault entries to proceed.",
    ],
  ],
  "results": [
    {
      "type": "return",
      "value": undefined,
    },
  ],
}
`;

exports[`VaultHandler when the vault entries are valid #createEntries should prompt instructions for the user 1`] = `
[
  "",
  {
    "prompt": "
[7mPress any key to continue. Press q to abort[27m
",
    "required": false,
    "type": "single",
  },
]
`;
