// Jest Snapshot v1, https://goo.gl/fbAQLP

exports[`Vault when the user does not fill all the vault entries values #createEntries should warn the user about missing vault entries 1`] = `
[MockFunction] {
  "calls": Array [
    Array [
      "

Missing vault entry value: Missing value for vault entries.[33m[39m
[33m  â€¢ sitemap_yyyyyy-configuration.json.path[39m[33m[39m
[33m  â€¢ web_xxxxxx-configuration.json.path[39m

Fill all required vault entries to proceed.",
    ],
  ],
  "results": Array [
    Object {
      "type": "return",
      "value": undefined,
    },
  ],
}
`;
