// Jest Snapshot v1, https://goo.gl/fbAQLP

exports[`VaultHandler when the user does not fill all the vault entries values #createEntries should warn the user about missing vault entries 1`] = `
[MockFunction] {
  "calls": Array [
    Array [
      "Missing vault entry value: 
  • sitemap_yyyyyy-configuration.json.path
  • web_xxxxxx-configuration.json.path

Fill all required vault entries to proceed.",
    ],
  ],
  "results": Array [
    Object {
      "type": "return",
      "value": undefined,
    },
  ],
}
`;
