// Jest Snapshot v1, https://goo.gl/fbAQLP

exports[`ui:deploy interacting with Platform client should call hostedPages.list and hostedPages.create when no page id argument is passed 1`] = `
"To update your page, run "coveo ui:deploy -p=somePageId".
"
`;

exports[`ui:deploy interacting with Platform client should call hostedPages.list and hostedPages.create when no page id argument is passed 2`] = `""`;

exports[`ui:deploy interacting with Platform client should print an API Error if the update fails 1`] = `
[APIError: 
Status code: 418
Error code: [31mSO_BAD[39m
Message: [31mthis is bad[39m
Request ID: [31mb33pb00p[39m]
`;

exports[`ui:deploy interacting with Platform client when a page id argument is passed, it should call hostedPages.update 1`] = `""`;

exports[`ui:deploy interacting with Platform client when a page id argument is passed, it should call hostedPages.update 2`] = `""`;

exports[`ui:deploy interacting with Platform client when no page id argument is passed, a page with the same name already exists, the user declines the overwrite, it should not call hostedPages.update 1`] = `[CLI Error: Page name must be unique, try changing the "name" field in "coveo.deploy.json".]`;
