// Jest Snapshot v1, https://goo.gl/fbAQLP

exports[`@coveo/atomic-component-health-check when all conditions are met should print green checks only 1`] = `
"[32mâœ”[39m [1mReadme file[22m

[32mâœ”[39m [1mComponent name[22m

[32mâœ”[39m [1mRequired properties in package.json[22m

"
`;

exports[`@coveo/atomic-component-health-check when component tag name does not match \`elementName\` property should warn about component name mismatch 1`] = `
"[32mâœ”[39m [1mReadme file[22m

[31mâœ–[39m [1mComponent name[22m
  Component tag name from your .tsx file does not match the \`elementName\` property defined in your component's package.json file. Make sure both values are identical

[32mâœ”[39m [1mRequired properties in package.json[22m

Publish aborted because some conditions have not been met
Make sure to address the above errors before publishing again
"
`;

exports[`@coveo/atomic-component-health-check when package.json conditions are not met should warn about invalid properties 1`] = `
"[32mâœ”[39m [1mReadme file[22m

[31mâœ–[39m [1mComponent name[22m
  Component tag name from your .tsx file does not match the \`elementName\` property defined in your component's package.json file. Make sure both values are identical

[31mâœ–[39m [1mRequired properties in package.json[22m
    [31mâœ–[39m [1mInvalid elementName: [22mYou must provide a \`elementName\` property for your custom component. Its value should match the tag name used by your custom component. See https://stenciljs.com/docs/component#tag
    [31mâœ–[39m [1mInvalid keywords: [22mThe package.json \`keywords\` array should include \`coveo-atomic-component\`, otherwise your component will not be listed along with other Coveo custom components. See https://docs.npmjs.com/cli/v9/configuring-npm/package-json#keywords
    [31mâœ–[39m [1mInvalid description: [22mThe component description must be at least 20 characters long

Publish aborted because some conditions have not been met
Make sure to address the above errors before publishing again
"
`;

exports[`@coveo/atomic-component-health-check when package.json conditions are not met should warn about missing properties 1`] = `
"[32mâœ”[39m [1mReadme file[22m

[31mâœ–[39m [1mComponent name[22m
  Component tag name from your .tsx file does not match the \`elementName\` property defined in your component's package.json file. Make sure both values are identical

[31mâœ–[39m [1mRequired properties in package.json[22m
    [31mâœ–[39m [1mInvalid elementName: [22mYou must provide a \`elementName\` property for your custom component. Its value should match the tag name used by your custom component. See https://stenciljs.com/docs/component#tag
    [31mâœ–[39m [1mInvalid unpkg: [22mYou must provide the path to the \`.esm.js\` file of your custom component. You can find it under the \`dist/\` folder once you build the component.
    [31mâœ–[39m [1mInvalid keywords: [22mYou must populate the \`keywords\` property. See https://docs.npmjs.com/cli/v9/configuring-npm/package-json#keywords
    [31mâœ–[39m [1mInvalid description: [22mYou must provide a description at least 20 characters long to explain the component purpose.
    [31mâœ–[39m [1mInvalid homepage: [22mYou must provide a URL to the component source code. See https://docs.npmjs.com/cli/v9/configuring-npm/package-json#homepage

Publish aborted because some conditions have not been met
Make sure to address the above errors before publishing again
"
`;

exports[`@coveo/atomic-component-health-check when readme condition is not met should warn about missing readme file 1`] = `
"[31mâœ–[39m [1mReadme file[22m
  Missing README file. Make sure to include a \`README.md\` file in your component directory

[32mâœ”[39m [1mComponent name[22m

[32mâœ”[39m [1mRequired properties in package.json[22m

Publish aborted because some conditions have not been met
Make sure to address the above errors before publishing again
"
`;
