// Jest Snapshot v1, https://goo.gl/fbAQLP

exports[`#tryTransferFromOrganization when the user does not have access to the origin organization should warn the user about their lack of access 1`] = `
"We mapped this snapshot to someOriginOrg.
If you want to do transfers the vault entries from someOriginOrg and undefined,
authenticate with an account that has access to both and then try again."
`;
