// Jest Snapshot v1, https://goo.gl/fbAQLP

exports[`ux formatOrgId() when shouldUseColor returns true colors the color magenta 1`] = `"[35mmyOrgId[39m"`;
