// Jest Snapshot v1, https://goo.gl/fbAQLP

exports[`ui:create:vue when a directory with the projectName exists when the directory is empty should write the .env file 1`] = `
[
  "/foo/bar/myapp/.env",
  "VITE_COVEO_PLATFORM_URL=https://platformdev.cloud.coveo.com
VITE_COVEO_ORGANIZATION_ID=my-org
VITE_COVEO_USER_EMAIL=bob@coveo.com
SERVER_COVEO_API_KEY=foo",
]
`;

exports[`ui:create:vue when a directory with the projectName exists when the directory is not empty should exit with an error 1`] = `"/foo/bar/myapp is a non-empty directory, use an empty directory or unused name for your project"`;

exports[`ui:create:vue when a file with the projectName exists should exit with an error 1`] = `"/foo/bar/myapp already exists and is not a directory, use an unused directory name for your project"`;

exports[`ui:create:vue when the projectName does not exists yet should write the .env file 1`] = `
[
  "/foo/bar/myapp/.env",
  "VITE_COVEO_PLATFORM_URL=https://platformdev.cloud.coveo.com
VITE_COVEO_ORGANIZATION_ID=my-org
VITE_COVEO_USER_EMAIL=bob@coveo.com
SERVER_COVEO_API_KEY=foo",
]
`;
