// Jest Snapshot v1, https://goo.gl/fbAQLP

exports[`org:resources:push when preconditions are not respected should return an error message if resource privileges are missing 1`] = `"Cannot read properties of undefined (reading 'validate')"`;
